[0807/153806.973:WARNING:viz_main_impl.cc(85)] VizNullHypothesis is disabled (not a warning)
[0807/153807.639:ERROR:gles2_cmd_decoder_passthrough.cc(1083)] [GroupMarkerNotSet(crbug.com/242999)!:A000A10064130000]Automatic fallback to software WebGL has been deprecated. Please use the --enable-unsafe-swiftshader flag to opt in to lower security guarantees for trusted content.
[0807/153818.548:WARNING:viz_main_impl.cc(85)] VizNullHypothesis is disabled (not a warning)
[0807/153819.209:ERROR:gles2_cmd_decoder_passthrough.cc(1083)] [GroupMarkerNotSet(crbug.com/242999)!:A0C0A1001C140000]Automatic fallback to software WebGL has been deprecated. Please use the --enable-unsafe-swiftshader flag to opt in to lower security guarantees for trusted content.
[0807/153836.774:WARNING:viz_main_impl.cc(85)] VizNullHypothesis is disabled (not a warning)
[0807/153837.581:ERROR:gles2_cmd_decoder_passthrough.cc(1083)] [GroupMarkerNotSet(crbug.com/242999)!:A0406100B4780000]Automatic fallback to software WebGL has been deprecated. Please use the --enable-unsafe-swiftshader flag to opt in to lower security guarantees for trusted content.
[0807/153910.144:WARNING:viz_main_impl.cc(85)] VizNullHypothesis is disabled (not a warning)
[0807/153910.899:ERROR:gles2_cmd_decoder_passthrough.cc(1083)] [GroupMarkerNotSet(crbug.com/242999)!:A0C0A100744E0000]Automatic fallback to software WebGL has been deprecated. Please use the --enable-unsafe-swiftshader flag to opt in to lower security guarantees for trusted content.
[0807/153936.702:WARNING:viz_main_impl.cc(85)] VizNullHypothesis is disabled (not a warning)
[0807/153937.636:ERROR:gles2_cmd_decoder_passthrough.cc(1083)] [GroupMarkerNotSet(crbug.com/242999)!:A080A100146E0000]Automatic fallback to software WebGL has been deprecated. Please use the --enable-unsafe-swiftshader flag to opt in to lower security guarantees for trusted content.
[0807/153959.924:WARNING:viz_main_impl.cc(85)] VizNullHypothesis is disabled (not a warning)
[0807/154000.733:ERROR:gles2_cmd_decoder_passthrough.cc(1083)] [GroupMarkerNotSet(crbug.com/242999)!:A080A10054550000]Automatic fallback to software WebGL has been deprecated. Please use the --enable-unsafe-swiftshader flag to opt in to lower security guarantees for trusted content.
[0807/154028.987:WARNING:viz_main_impl.cc(85)] VizNullHypothesis is disabled (not a warning)
[0807/154029.638:ERROR:gles2_cmd_decoder_passthrough.cc(1083)] [GroupMarkerNotSet(crbug.com/242999)!:A0C0A100C40B0000]Automatic fallback to software WebGL has been deprecated. Please use the --enable-unsafe-swiftshader flag to opt in to lower security guarantees for trusted content.
[0807/154040.364:ERROR:gles2_cmd_decoder_passthrough.cc(1083)] [GroupMarkerNotSet(crbug.com/242999)!:A0F0A100C40B0000]Automatic fallback to software WebGL has been deprecated. Please use the --enable-unsafe-swiftshader flag to opt in to lower security guarantees for trusted content.
[0807/154106.398:WARNING:viz_main_impl.cc(85)] VizNullHypothesis is disabled (not a warning)
[0807/154107.678:ERROR:gles2_cmd_decoder_passthrough.cc(1083)] [GroupMarkerNotSet(crbug.com/242999)!:A080A10074480000]Automatic fallback to software WebGL has been deprecated. Please use the --enable-unsafe-swiftshader flag to opt in to lower security guarantees for trusted content.
[0807/154118.443:ERROR:gles2_cmd_decoder_passthrough.cc(1083)] [GroupMarkerNotSet(crbug.com/242999)!:A0B0A10074480000]Automatic fallback to software WebGL has been deprecated. Please use the --enable-unsafe-swiftshader flag to opt in to lower security guarantees for trusted content.
[0807/154145.028:WARNING:viz_main_impl.cc(85)] VizNullHypothesis is disabled (not a warning)
[0807/154145.921:ERROR:gles2_cmd_decoder_passthrough.cc(1083)] [GroupMarkerNotSet(crbug.com/242999)!:A080A10044700000]Automatic fallback to software WebGL has been deprecated. Please use the --enable-unsafe-swiftshader flag to opt in to lower security guarantees for trusted content.
[0807/154155.483:ERROR:gles2_cmd_decoder_passthrough.cc(1083)] [GroupMarkerNotSet(crbug.com/242999)!:A0B0A10044700000]Automatic fallback to software WebGL has been deprecated. Please use the --enable-unsafe-swiftshader flag to opt in to lower security guarantees for trusted content.
[0807/154231.668:WARNING:viz_main_impl.cc(85)] VizNullHypothesis is disabled (not a warning)
[0807/154232.480:ERROR:gles2_cmd_decoder_passthrough.cc(1083)] [GroupMarkerNotSet(crbug.com/242999)!:A040A1009C150000]Automatic fallback to software WebGL has been deprecated. Please use the --enable-unsafe-swiftshader flag to opt in to lower security guarantees for trusted content.
[0807/154242.037:ERROR:gles2_cmd_decoder_passthrough.cc(1083)] [GroupMarkerNotSet(crbug.com/242999)!:A040A1009C150000]Automatic fallback to software WebGL has been deprecated. Please use the --enable-unsafe-swiftshader flag to opt in to lower security guarantees for trusted content.
[0807/154306.987:WARNING:viz_main_impl.cc(85)] VizNullHypothesis is disabled (not a warning)
[0807/154307.599:ERROR:gles2_cmd_decoder_passthrough.cc(1083)] [GroupMarkerNotSet(crbug.com/242999)!:A0C0A10074310000]Automatic fallback to software WebGL has been deprecated. Please use the --enable-unsafe-swiftshader flag to opt in to lower security guarantees for trusted content.
[0807/154316.901:ERROR:gles2_cmd_decoder_passthrough.cc(1083)] [GroupMarkerNotSet(crbug.com/242999)!:A0C0A10074310000]Automatic fallback to software WebGL has been deprecated. Please use the --enable-unsafe-swiftshader flag to opt in to lower security guarantees for trusted content.
[0807/154325.102:ERROR:gles2_cmd_decoder_passthrough.cc(1083)] [GroupMarkerNotSet(crbug.com/242999)!:A0C0A10074310000]Automatic fallback to software WebGL has been deprecated. Please use the --enable-unsafe-swiftshader flag to opt in to lower security guarantees for trusted content.
[0807/154348.300:WARNING:viz_main_impl.cc(85)] VizNullHypothesis is disabled (not a warning)
[0807/154348.945:ERROR:gles2_cmd_decoder_passthrough.cc(1083)] [GroupMarkerNotSet(crbug.com/242999)!:A080A10024100000]Automatic fallback to software WebGL has been deprecated. Please use the --enable-unsafe-swiftshader flag to opt in to lower security guarantees for trusted content.
[0807/154358.360:ERROR:gles2_cmd_decoder_passthrough.cc(1083)] [GroupMarkerNotSet(crbug.com/242999)!:A080A10024100000]Automatic fallback to software WebGL has been deprecated. Please use the --enable-unsafe-swiftshader flag to opt in to lower security guarantees for trusted content.
[0807/154406.455:ERROR:gles2_cmd_decoder_passthrough.cc(1083)] [GroupMarkerNotSet(crbug.com/242999)!:A0E0A10024100000]Automatic fallback to software WebGL has been deprecated. Please use the --enable-unsafe-swiftshader flag to opt in to lower security guarantees for trusted content.
[0807/154429.893:WARNING:viz_main_impl.cc(85)] VizNullHypothesis is disabled (not a warning)
[0807/154430.552:ERROR:gles2_cmd_decoder_passthrough.cc(1083)] [GroupMarkerNotSet(crbug.com/242999)!:A080A10004190000]Automatic fallback to software WebGL has been deprecated. Please use the --enable-unsafe-swiftshader flag to opt in to lower security guarantees for trusted content.
[0807/154440.072:ERROR:gles2_cmd_decoder_passthrough.cc(1083)] [GroupMarkerNotSet(crbug.com/242999)!:A010A20004190000]Automatic fallback to software WebGL has been deprecated. Please use the --enable-unsafe-swiftshader flag to opt in to lower security guarantees for trusted content.
[0807/154448.366:ERROR:gles2_cmd_decoder_passthrough.cc(1083)] [GroupMarkerNotSet(crbug.com/242999)!:A0E0A10004190000]Automatic fallback to software WebGL has been deprecated. Please use the --enable-unsafe-swiftshader flag to opt in to lower security guarantees for trusted content.
[0807/154457.103:ERROR:gles2_cmd_decoder_passthrough.cc(1083)] [GroupMarkerNotSet(crbug.com/242999)!:A0E0A10004190000]Automatic fallback to software WebGL has been deprecated. Please use the --enable-unsafe-swiftshader flag to opt in to lower security guarantees for trusted content.
[0807/154523.500:WARNING:viz_main_impl.cc(85)] VizNullHypothesis is disabled (not a warning)
[0807/154524.215:ERROR:gles2_cmd_decoder_passthrough.cc(1083)] [GroupMarkerNotSet(crbug.com/242999)!:A000A100EC5E0000]Automatic fallback to software WebGL has been deprecated. Please use the --enable-unsafe-swiftshader flag to opt in to lower security guarantees for trusted content.
[0807/154533.737:ERROR:gles2_cmd_decoder_passthrough.cc(1083)] [GroupMarkerNotSet(crbug.com/242999)!:A060A100EC5E0000]Automatic fallback to software WebGL has been deprecated. Please use the --enable-unsafe-swiftshader flag to opt in to lower security guarantees for trusted content.
[0807/154541.856:ERROR:gles2_cmd_decoder_passthrough.cc(1083)] [GroupMarkerNotSet(crbug.com/242999)!:A030A100EC5E0000]Automatic fallback to software WebGL has been deprecated. Please use the --enable-unsafe-swiftshader flag to opt in to lower security guarantees for trusted content.
[0807/154549.542:ERROR:gles2_cmd_decoder_passthrough.cc(1083)] [GroupMarkerNotSet(crbug.com/242999)!:A030A100EC5E0000]Automatic fallback to software WebGL has been deprecated. Please use the --enable-unsafe-swiftshader flag to opt in to lower security guarantees for trusted content.
[0807/154614.951:WARNING:viz_main_impl.cc(85)] VizNullHypothesis is disabled (not a warning)
[0807/154615.738:ERROR:gles2_cmd_decoder_passthrough.cc(1083)] [GroupMarkerNotSet(crbug.com/242999)!:A000A10034720000]Automatic fallback to software WebGL has been deprecated. Please use the --enable-unsafe-swiftshader flag to opt in to lower security guarantees for trusted content.
[0807/154625.179:ERROR:gles2_cmd_decoder_passthrough.cc(1083)] [GroupMarkerNotSet(crbug.com/242999)!:A030A10034720000]Automatic fallback to software WebGL has been deprecated. Please use the --enable-unsafe-swiftshader flag to opt in to lower security guarantees for trusted content.
[0807/154633.243:ERROR:gles2_cmd_decoder_passthrough.cc(1083)] [GroupMarkerNotSet(crbug.com/242999)!:A000A10034720000]Automatic fallback to software WebGL has been deprecated. Please use the --enable-unsafe-swiftshader flag to opt in to lower security guarantees for trusted content.
[0807/154640.810:ERROR:gles2_cmd_decoder_passthrough.cc(1083)] [GroupMarkerNotSet(crbug.com/242999)!:A000A10034720000]Automatic fallback to software WebGL has been deprecated. Please use the --enable-unsafe-swiftshader flag to opt in to lower security guarantees for trusted content.
[0807/154720.421:WARNING:viz_main_impl.cc(85)] VizNullHypothesis is disabled (not a warning)
[0807/154721.234:ERROR:gles2_cmd_decoder_passthrough.cc(1083)] [GroupMarkerNotSet(crbug.com/242999)!:A080A100446D0000]Automatic fallback to software WebGL has been deprecated. Please use the --enable-unsafe-swiftshader flag to opt in to lower security guarantees for trusted content.
[0807/154730.639:ERROR:gles2_cmd_decoder_passthrough.cc(1083)] [GroupMarkerNotSet(crbug.com/242999)!:A010A200446D0000]Automatic fallback to software WebGL has been deprecated. Please use the --enable-unsafe-swiftshader flag to opt in to lower security guarantees for trusted content.
[0807/154738.846:ERROR:gles2_cmd_decoder_passthrough.cc(1083)] [GroupMarkerNotSet(crbug.com/242999)!:A080A100446D0000]Automatic fallback to software WebGL has been deprecated. Please use the --enable-unsafe-swiftshader flag to opt in to lower security guarantees for trusted content.
[0807/154746.748:ERROR:gles2_cmd_decoder_passthrough.cc(1083)] [GroupMarkerNotSet(crbug.com/242999)!:A080A100446D0000]Automatic fallback to software WebGL has been deprecated. Please use the --enable-unsafe-swiftshader flag to opt in to lower security guarantees for trusted content.
[0807/154856.487:WARNING:viz_main_impl.cc(85)] VizNullHypothesis is disabled (not a warning)
[0807/154958.033:WARNING:viz_main_impl.cc(85)] VizNullHypothesis is disabled (not a warning)
[0807/154958.726:ERROR:gles2_cmd_decoder_passthrough.cc(1083)] [GroupMarkerNotSet(crbug.com/242999)!:A080A100EC380000]Automatic fallback to software WebGL has been deprecated. Please use the --enable-unsafe-swiftshader flag to opt in to lower security guarantees for trusted content.
[0807/155008.556:ERROR:gles2_cmd_decoder_passthrough.cc(1083)] [GroupMarkerNotSet(crbug.com/242999)!:A010A200EC380000]Automatic fallback to software WebGL has been deprecated. Please use the --enable-unsafe-swiftshader flag to opt in to lower security guarantees for trusted content.
[0807/155016.737:ERROR:gles2_cmd_decoder_passthrough.cc(1083)] [GroupMarkerNotSet(crbug.com/242999)!:A080A100EC380000]Automatic fallback to software WebGL has been deprecated. Please use the --enable-unsafe-swiftshader flag to opt in to lower security guarantees for trusted content.
[0807/155024.833:ERROR:gles2_cmd_decoder_passthrough.cc(1083)] [GroupMarkerNotSet(crbug.com/242999)!:A080A100EC380000]Automatic fallback to software WebGL has been deprecated. Please use the --enable-unsafe-swiftshader flag to opt in to lower security guarantees for trusted content.
[0807/155259.983:WARNING:viz_main_impl.cc(85)] VizNullHypothesis is disabled (not a warning)
[0807/155300.912:ERROR:gles2_cmd_decoder_passthrough.cc(1083)] [GroupMarkerNotSet(crbug.com/242999)!:A040A400AC630000]Automatic fallback to software WebGL has been deprecated. Please use the --enable-unsafe-swiftshader flag to opt in to lower security guarantees for trusted content.
[0807/155427.362:WARNING:viz_main_impl.cc(85)] VizNullHypothesis is disabled (not a warning)
[0807/155427.833:ERROR:gles2_cmd_decoder_passthrough.cc(1083)] [GroupMarkerNotSet(crbug.com/242999)!:A040240084240000]Automatic fallback to software WebGL has been deprecated. Please use the --enable-unsafe-swiftshader flag to opt in to lower security guarantees for trusted content.
[0807/155432.096:ERROR:gles2_cmd_decoder_passthrough.cc(1083)] [GroupMarkerNotSet(crbug.com/242999)!:A040240084240000]Automatic fallback to software WebGL has been deprecated. Please use the --enable-unsafe-swiftshader flag to opt in to lower security guarantees for trusted content.
[0807/155436.271:ERROR:gles2_cmd_decoder_passthrough.cc(1083)] [GroupMarkerNotSet(crbug.com/242999)!:A0D0240084240000]Automatic fallback to software WebGL has been deprecated. Please use the --enable-unsafe-swiftshader flag to opt in to lower security guarantees for trusted content.
[0807/155438.415:ERROR:gles2_cmd_decoder_passthrough.cc(1083)] [GroupMarkerNotSet(crbug.com/242999)!:A0D0240084240000]Automatic fallback to software WebGL has been deprecated. Please use the --enable-unsafe-swiftshader flag to opt in to lower security guarantees for trusted content.
[0807/155509.069:WARNING:viz_main_impl.cc(85)] VizNullHypothesis is disabled (not a warning)
[0807/155509.828:ERROR:gles2_cmd_decoder_passthrough.cc(1083)] [GroupMarkerNotSet(crbug.com/242999)!:A040A40054380000]Automatic fallback to software WebGL has been deprecated. Please use the --enable-unsafe-swiftshader flag to opt in to lower security guarantees for trusted content.
[0807/155514.099:ERROR:gles2_cmd_decoder_passthrough.cc(1083)] [GroupMarkerNotSet(crbug.com/242999)!:A070A40054380000]Automatic fallback to software WebGL has been deprecated. Please use the --enable-unsafe-swiftshader flag to opt in to lower security guarantees for trusted content.
[0807/155517.301:ERROR:gles2_cmd_decoder_passthrough.cc(1083)] [GroupMarkerNotSet(crbug.com/242999)!:A070A40054380000]Automatic fallback to software WebGL has been deprecated. Please use the --enable-unsafe-swiftshader flag to opt in to lower security guarantees for trusted content.
[0807/155519.770:WARNING:backend_impl.cc(1758)] Destroying invalid entry.
[0807/155522.230:WARNING:backend_impl.cc(1758)] Destroying invalid entry.
[0807/155644.569:WARNING:viz_main_impl.cc(85)] VizNullHypothesis is disabled (not a warning)
[0807/155645.143:ERROR:gles2_cmd_decoder_passthrough.cc(1083)] [GroupMarkerNotSet(crbug.com/242999)!:A000A4009C730000]Automatic fallback to software WebGL has been deprecated. Please use the --enable-unsafe-swiftshader flag to opt in to lower security guarantees for trusted content.
[0807/155647.841:ERROR:gles2_cmd_decoder_passthrough.cc(1083)] [GroupMarkerNotSet(crbug.com/242999)!:A030A4009C730000]Automatic fallback to software WebGL has been deprecated. Please use the --enable-unsafe-swiftshader flag to opt in to lower security guarantees for trusted content.
[0807/155649.877:WARNING:spdy_session.cc(2980)] Received HEADERS for invalid stream 145
[0807/155649.999:ERROR:gles2_cmd_decoder_passthrough.cc(1083)] [GroupMarkerNotSet(crbug.com/242999)!:A030A4009C730000]Automatic fallback to software WebGL has been deprecated. Please use the --enable-unsafe-swiftshader flag to opt in to lower security guarantees for trusted content.
[0807/155651.048:ERROR:shared_image_manager.cc(509)] SharedImageManager::ProduceMemory: Trying to Produce a Memory representation from a non-existent mailbox.
[0807/155759.741:WARNING:viz_main_impl.cc(85)] VizNullHypothesis is disabled (not a warning)
[0807/155800.273:ERROR:gles2_cmd_decoder_passthrough.cc(1083)] [GroupMarkerNotSet(crbug.com/242999)!:A040240044670000]Automatic fallback to software WebGL has been deprecated. Please use the --enable-unsafe-swiftshader flag to opt in to lower security guarantees for trusted content.
[0807/155803.102:ERROR:gles2_cmd_decoder_passthrough.cc(1083)] [GroupMarkerNotSet(crbug.com/242999)!:A070240044670000]Automatic fallback to software WebGL has been deprecated. Please use the --enable-unsafe-swiftshader flag to opt in to lower security guarantees for trusted content.
[0807/155805.271:ERROR:gles2_cmd_decoder_passthrough.cc(1083)] [GroupMarkerNotSet(crbug.com/242999)!:A070240044670000]Automatic fallback to software WebGL has been deprecated. Please use the --enable-unsafe-swiftshader flag to opt in to lower security guarantees for trusted content.
[0808/094609.767:WARNING:viz_main_impl.cc(85)] VizNullHypothesis is disabled (not a warning)
[0808/095843.233:WARNING:viz_main_impl.cc(85)] VizNullHypothesis is disabled (not a warning)
[0808/112520.415:WARNING:viz_main_impl.cc(85)] VizNullHypothesis is disabled (not a warning)
[0809/101940.781:WARNING:viz_main_impl.cc(85)] VizNullHypothesis is disabled (not a warning)
